// Jest Snapshot v1, https://goo.gl/fbAQLP

exports[`Form support error message with reactNode 1`] = `
<form
  class="ant-form ant-form-horizontal"
>
  <div
    class="ant-row ant-form-item ant-form-item-with-help"
  >
    <div
      class="ant-form-item-label"
    >
      <label
        class=""
        for="account"
        title="Account"
      >
        Account
      </label>
    </div>
    <div
      class="ant-form-item-control-wrapper"
    >
      <div
        class="ant-form-item-control has-error"
      >
        <span
          class="ant-form-item-children"
        >
          <input
            data-__field="[object Object]"
            data-__meta="[object Object]"
            id="account"
            value=""
          />
        </span>
        <div
          class="ant-form-explain show-help-enter"
        >
          <div>
            Error 1
          </div>
           
          <div>
            Error 2
          </div>
        </div>
      </div>
    </div>
  </div>
</form>
`;
